2026-05-18 09:25:21,590 - INFO - patching driver executable C:\Users\dberrospi\appdata\roaming\undetected_chromedriver\undetected_chromedriver.exe
2026-05-18 09:25:23,480 - INFO - Iniciando navegación...
2026-05-18 09:25:25,133 - INFO - Login clickeado.
2026-05-18 09:25:45,269 - ERROR - Error detectado: Message: 
Stacktrace:
	undetected_chromedriver!GetHandleVerifier [0xefb373+10553]
	undetected_chromedriver!GetHandleVerifier [0xefb4a4+10684]
	undetected_chromedriver!(No symbol) [0xd01e10]
	undetected_chromedriver!(No symbol) [0xd4a9da]
	undetected_chromedriver!(No symbol) [0xd4ac7b]
	undetected_chromedriver!(No symbol) [0xd8d162]
	undetected_chromedriver!(No symbol) [0xd6d8b4]
	undetected_chromedriver!(No symbol) [0xd8aa36]
	undetected_chromedriver!(No symbol) [0xd6d606]
	undetected_chromedriver!(No symbol) [0xd40039]
	undetected_chromedriver!(No symbol) [0xd40df4]
	undetected_chromedriver!GetHandleVerifier [0x117ddb4+292f94]
	undetected_chromedriver!GetHandleVerifier [0x117937d+28e55d]
	undetected_chromedriver!GetHandleVerifier [0x1198215+2ad3f5]
	undetected_chromedriver!GetHandleVerifier [0xf14c18+29df8]
	undetected_chromedriver!GetHandleVerifier [0xf1c6fd+318dd]
	undetected_chromedriver!GetHandleVerifier [0xf03c78+18e58]
	undetected_chromedriver!GetHandleVerifier [0xf03e42+19022]
	undetected_chromedriver!GetHandleVerifier [0xeed45f+263f]
	KERNEL32!BaseThreadInitThunk [0x7697fcc9+19]
	ntdll!RtlGetAppContainerNamedObjectPath [0x775f82ae+11e]
	ntdll!RtlGetAppContainerNamedObjectPath [0x775f827e+ee]

2026-05-18 09:26:09,818 - INFO - patching driver executable C:\Users\dberrospi\appdata\roaming\undetected_chromedriver\undetected_chromedriver.exe
2026-05-18 09:26:11,729 - INFO - Iniciando navegación...
2026-05-18 09:26:13,108 - INFO - Login clickeado.
2026-05-18 09:26:33,361 - ERROR - Error detectado: Message: 
Stacktrace:
	undetected_chromedriver!GetHandleVerifier [0x11cb373+10553]
	undetected_chromedriver!GetHandleVerifier [0x11cb4a4+10684]
	undetected_chromedriver!(No symbol) [0xfd1e10]
	undetected_chromedriver!(No symbol) [0x101a9da]
	undetected_chromedriver!(No symbol) [0x101ac7b]
	undetected_chromedriver!(No symbol) [0x105d162]
	undetected_chromedriver!(No symbol) [0x103d8b4]
	undetected_chromedriver!(No symbol) [0x105aa36]
	undetected_chromedriver!(No symbol) [0x103d606]
	undetected_chromedriver!(No symbol) [0x1010039]
	undetected_chromedriver!(No symbol) [0x1010df4]
	undetected_chromedriver!GetHandleVerifier [0x144ddb4+292f94]
	undetected_chromedriver!GetHandleVerifier [0x144937d+28e55d]
	undetected_chromedriver!GetHandleVerifier [0x1468215+2ad3f5]
	undetected_chromedriver!GetHandleVerifier [0x11e4c18+29df8]
	undetected_chromedriver!GetHandleVerifier [0x11ec6fd+318dd]
	undetected_chromedriver!GetHandleVerifier [0x11d3c78+18e58]
	undetected_chromedriver!GetHandleVerifier [0x11d3e42+19022]
	undetected_chromedriver!GetHandleVerifier [0x11bd45f+263f]
	KERNEL32!BaseThreadInitThunk [0x7697fcc9+19]
	ntdll!RtlGetAppContainerNamedObjectPath [0x775f82ae+11e]
	ntdll!RtlGetAppContainerNamedObjectPath [0x775f827e+ee]

2026-05-18 09:27:22,407 - INFO - patching driver executable C:\Users\dberrospi\appdata\roaming\undetected_chromedriver\undetected_chromedriver.exe
2026-05-18 09:27:24,297 - INFO - Iniciando navegación...
2026-05-18 09:27:27,367 - INFO - Login clickeado.
2026-05-18 09:27:27,669 - INFO - Navegado hasta el formulario de reporte.
2026-05-18 09:28:09,338 - INFO - Exportación iniciada con éxito.
2026-05-18 09:28:31,446 - INFO - Exportación iniciada con éxito.
2026-05-18 09:28:53,224 - INFO - Exportación iniciada con éxito.
2026-05-18 09:28:58,505 - INFO - Exportación iniciada con éxito.
2026-05-18 09:29:55,262 - INFO - Exportación iniciada con éxito.
2026-05-19 09:19:49,370 - INFO - patching driver executable C:\Users\dberrospi\appdata\roaming\undetected_chromedriver\undetected_chromedriver.exe
2026-05-19 09:19:51,285 - INFO - Iniciando navegación...
2026-05-19 09:19:52,777 - INFO - Login clickeado.
2026-05-19 09:20:12,999 - ERROR - Error detectado: Message: 
Stacktrace:
	undetected_chromedriver!GetHandleVerifier [0x5ab373+10553]
	undetected_chromedriver!GetHandleVerifier [0x5ab4a4+10684]
	undetected_chromedriver!(No symbol) [0x3b1e10]
	undetected_chromedriver!(No symbol) [0x3fa9da]
	undetected_chromedriver!(No symbol) [0x3fac7b]
	undetected_chromedriver!(No symbol) [0x43d162]
	undetected_chromedriver!(No symbol) [0x41d8b4]
	undetected_chromedriver!(No symbol) [0x43aa36]
	undetected_chromedriver!(No symbol) [0x41d606]
	undetected_chromedriver!(No symbol) [0x3f0039]
	undetected_chromedriver!(No symbol) [0x3f0df4]
	undetected_chromedriver!GetHandleVerifier [0x82ddb4+292f94]
	undetected_chromedriver!GetHandleVerifier [0x82937d+28e55d]
	undetected_chromedriver!GetHandleVerifier [0x848215+2ad3f5]
	undetected_chromedriver!GetHandleVerifier [0x5c4c18+29df8]
	undetected_chromedriver!GetHandleVerifier [0x5cc6fd+318dd]
	undetected_chromedriver!GetHandleVerifier [0x5b3c78+18e58]
	undetected_chromedriver!GetHandleVerifier [0x5b3e42+19022]
	undetected_chromedriver!GetHandleVerifier [0x59d45f+263f]
	KERNEL32!BaseThreadInitThunk [0x7697fcc9+19]
	ntdll!RtlGetAppContainerNamedObjectPath [0x775f82ae+11e]
	ntdll!RtlGetAppContainerNamedObjectPath [0x775f827e+ee]

2026-05-19 09:20:26,397 - INFO - patching driver executable C:\Users\dberrospi\appdata\roaming\undetected_chromedriver\undetected_chromedriver.exe
2026-05-19 09:20:28,247 - INFO - Iniciando navegación...
2026-05-19 09:20:31,582 - INFO - Login clickeado.
2026-05-19 09:20:31,896 - INFO - Navegado hasta el formulario de reporte.
2026-05-19 09:20:46,116 - ERROR - Error detectado: Message: invalid session id; For documentation on this error, please visit: https://www.selenium.dev/documentation/webdriver/troubleshooting/errors#invalidsessionidexception
Stacktrace:
	undetected_chromedriver!GetHandleVerifier [0x55b373+10553]
	undetected_chromedriver!GetHandleVerifier [0x55b4a4+10684]
	undetected_chromedriver!(No symbol) [0x361c4e]
	undetected_chromedriver!(No symbol) [0x39f2c5]
	undetected_chromedriver!(No symbol) [0x3cd726]
	undetected_chromedriver!(No symbol) [0x3c8c62]
	undetected_chromedriver!(No symbol) [0x3c8281]
	undetected_chromedriver!(No symbol) [0x33501e]
	undetected_chromedriver!(No symbol) [0x3355be]
	undetected_chromedriver!(No symbol) [0x335a9d]
	undetected_chromedriver!GetHandleVerifier [0x7dddb4+292f94]
	undetected_chromedriver!GetHandleVerifier [0x7d937d+28e55d]
	undetected_chromedriver!GetHandleVerifier [0x7f8215+2ad3f5]
	undetected_chromedriver!GetHandleVerifier [0x574c18+29df8]
	undetected_chromedriver!GetHandleVerifier [0x57c6fd+318dd]
	undetected_chromedriver!(No symbol) [0x334b99]
	undetected_chromedriver!(No symbol) [0x3341e0]
	undetected_chromedriver!GetHandleVerifier [0x942bef+3f7dcf]
	KERNEL32!BaseThreadInitThunk [0x7697fcc9+19]
	ntdll!RtlGetAppContainerNamedObjectPath [0x775f82ae+11e]
	ntdll!RtlGetAppContainerNamedObjectPath [0x775f827e+ee]

2026-05-19 09:22:02,473 - INFO - patching driver executable C:\Users\dberrospi\appdata\roaming\undetected_chromedriver\undetected_chromedriver.exe
2026-05-19 09:22:04,396 - INFO - Iniciando navegación...
2026-05-19 09:22:07,403 - INFO - Login clickeado.
2026-05-19 09:22:11,664 - WARNING - Retrying (Retry(total=2, connect=None, read=None, redirect=None, status=None)) after connection broken by 'NewConnectionError("HTTPConnection(host='localhost', port=56619): Failed to establish a new connection: [WinError 10061] No se puede establecer una conexión ya que el equipo de destino denegó expresamente dicha conexión")': /session/c6d56dba574b3970ec54bdc5ec3e2cb8/element
2026-05-19 09:22:15,788 - WARNING - Retrying (Retry(total=1, connect=None, read=None, redirect=None, status=None)) after connection broken by 'NewConnectionError("HTTPConnection(host='localhost', port=56619): Failed to establish a new connection: [WinError 10061] No se puede establecer una conexión ya que el equipo de destino denegó expresamente dicha conexión")': /session/c6d56dba574b3970ec54bdc5ec3e2cb8/element
2026-05-19 09:22:19,875 - WARNING - Retrying (Retry(total=0, connect=None, read=None, redirect=None, status=None)) after connection broken by 'NewConnectionError("HTTPConnection(host='localhost', port=56619): Failed to establish a new connection: [WinError 10061] No se puede establecer una conexión ya que el equipo de destino denegó expresamente dicha conexión")': /session/c6d56dba574b3970ec54bdc5ec3e2cb8/element
2026-05-19 09:22:23,964 - ERROR - Error detectado: HTTPConnectionPool(host='localhost', port=56619): Max retries exceeded with url: /session/c6d56dba574b3970ec54bdc5ec3e2cb8/element (Caused by NewConnectionError("HTTPConnection(host='localhost', port=56619): Failed to establish a new connection: [WinError 10061] No se puede establecer una conexión ya que el equipo de destino denegó expresamente dicha conexión"))
2026-05-19 09:22:49,580 - INFO - patching driver executable C:\Users\dberrospi\appdata\roaming\undetected_chromedriver\undetected_chromedriver.exe
2026-05-19 09:22:51,469 - INFO - Iniciando navegación...
2026-05-19 09:22:52,936 - INFO - Login clickeado.
2026-05-19 09:22:57,169 - WARNING - Retrying (Retry(total=2, connect=None, read=None, redirect=None, status=None)) after connection broken by 'NewConnectionError("HTTPConnection(host='localhost', port=56676): Failed to establish a new connection: [WinError 10061] No se puede establecer una conexión ya que el equipo de destino denegó expresamente dicha conexión")': /session/671411103b73f2ca22a4d5a974a8fbd7/element
2026-05-19 09:23:01,250 - WARNING - Retrying (Retry(total=1, connect=None, read=None, redirect=None, status=None)) after connection broken by 'NewConnectionError("HTTPConnection(host='localhost', port=56676): Failed to establish a new connection: [WinError 10061] No se puede establecer una conexión ya que el equipo de destino denegó expresamente dicha conexión")': /session/671411103b73f2ca22a4d5a974a8fbd7/element
2026-05-19 09:23:05,353 - WARNING - Retrying (Retry(total=0, connect=None, read=None, redirect=None, status=None)) after connection broken by 'NewConnectionError("HTTPConnection(host='localhost', port=56676): Failed to establish a new connection: [WinError 10061] No se puede establecer una conexión ya que el equipo de destino denegó expresamente dicha conexión")': /session/671411103b73f2ca22a4d5a974a8fbd7/element
2026-05-19 09:23:20,892 - INFO - patching driver executable C:\Users\dberrospi\appdata\roaming\undetected_chromedriver\undetected_chromedriver.exe
2026-05-19 09:23:22,748 - INFO - Iniciando navegación...
2026-05-19 09:23:24,323 - INFO - Login clickeado.
2026-05-19 09:23:26,117 - INFO - Navegado hasta el formulario de reporte.
2026-05-19 09:23:41,873 - ERROR - Error detectado: Message: invalid session id; For documentation on this error, please visit: https://www.selenium.dev/documentation/webdriver/troubleshooting/errors#invalidsessionidexception
Stacktrace:
	undetected_chromedriver!GetHandleVerifier [0x9db373+10553]
	undetected_chromedriver!GetHandleVerifier [0x9db4a4+10684]
	undetected_chromedriver!(No symbol) [0x7e1c4e]
	undetected_chromedriver!(No symbol) [0x81f2c5]
	undetected_chromedriver!(No symbol) [0x84d726]
	undetected_chromedriver!(No symbol) [0x848c62]
	undetected_chromedriver!(No symbol) [0x848281]
	undetected_chromedriver!(No symbol) [0x7b501e]
	undetected_chromedriver!(No symbol) [0x7b55be]
	undetected_chromedriver!(No symbol) [0x7b5a9d]
	undetected_chromedriver!GetHandleVerifier [0xc5ddb4+292f94]
	undetected_chromedriver!GetHandleVerifier [0xc5937d+28e55d]
	undetected_chromedriver!GetHandleVerifier [0xc78215+2ad3f5]
	undetected_chromedriver!GetHandleVerifier [0x9f4c18+29df8]
	undetected_chromedriver!GetHandleVerifier [0x9fc6fd+318dd]
	undetected_chromedriver!(No symbol) [0x7b4b99]
	undetected_chromedriver!(No symbol) [0x7b41e0]
	undetected_chromedriver!GetHandleVerifier [0xdc2bef+3f7dcf]
	KERNEL32!BaseThreadInitThunk [0x7697fcc9+19]
	ntdll!RtlGetAppContainerNamedObjectPath [0x775f82ae+11e]
	ntdll!RtlGetAppContainerNamedObjectPath [0x775f827e+ee]

2026-05-19 09:23:54,220 - INFO - patching driver executable C:\Users\dberrospi\appdata\roaming\undetected_chromedriver\undetected_chromedriver.exe
2026-05-19 09:23:56,143 - INFO - Iniciando navegación...
2026-05-19 09:23:57,741 - INFO - Login clickeado.
2026-05-19 09:24:18,427 - ERROR - Error detectado: Message: 
Stacktrace:
	undetected_chromedriver!GetHandleVerifier [0xa7b373+10553]
	undetected_chromedriver!GetHandleVerifier [0xa7b4a4+10684]
	undetected_chromedriver!(No symbol) [0x881e10]
	undetected_chromedriver!(No symbol) [0x8ca9da]
	undetected_chromedriver!(No symbol) [0x8cac7b]
	undetected_chromedriver!(No symbol) [0x90d162]
	undetected_chromedriver!(No symbol) [0x8ed8b4]
	undetected_chromedriver!(No symbol) [0x90aa36]
	undetected_chromedriver!(No symbol) [0x8ed606]
	undetected_chromedriver!(No symbol) [0x8c0039]
	undetected_chromedriver!(No symbol) [0x8c0df4]
	undetected_chromedriver!GetHandleVerifier [0xcfddb4+292f94]
	undetected_chromedriver!GetHandleVerifier [0xcf937d+28e55d]
	undetected_chromedriver!GetHandleVerifier [0xd18215+2ad3f5]
	undetected_chromedriver!GetHandleVerifier [0xa94c18+29df8]
	undetected_chromedriver!GetHandleVerifier [0xa9c6fd+318dd]
	undetected_chromedriver!GetHandleVerifier [0xa83c78+18e58]
	undetected_chromedriver!GetHandleVerifier [0xa83e42+19022]
	undetected_chromedriver!GetHandleVerifier [0xa6d45f+263f]
	KERNEL32!BaseThreadInitThunk [0x7697fcc9+19]
	ntdll!RtlGetAppContainerNamedObjectPath [0x775f82ae+11e]
	ntdll!RtlGetAppContainerNamedObjectPath [0x775f827e+ee]

2026-05-19 09:25:05,902 - INFO - patching driver executable C:\Users\dberrospi\appdata\roaming\undetected_chromedriver\undetected_chromedriver.exe
2026-05-19 09:25:07,817 - INFO - Iniciando navegación...
2026-05-19 09:25:10,778 - INFO - Login clickeado.
2026-05-19 09:25:11,071 - INFO - Navegado hasta el formulario de reporte.
2026-05-19 09:25:50,217 - INFO - Exportación iniciada con éxito.
2026-05-19 09:26:07,923 - INFO - Exportación iniciada con éxito.
2026-05-19 09:26:15,144 - INFO - Exportación iniciada con éxito.
2026-05-19 09:26:15,152 - ERROR - Error detectado: Message: no such window: target window already closed
from unknown error: web view not found
  (Session info: chrome=148.0.7778.168)
Stacktrace:
	undetected_chromedriver!GetHandleVerifier [0xe9b373+10553]
	undetected_chromedriver!GetHandleVerifier [0xe9b4a4+10684]
	undetected_chromedriver!(No symbol) [0xca1e10]
	undetected_chromedriver!(No symbol) [0xc80923]
	undetected_chromedriver!(No symbol) [0xd13bcb]
	undetected_chromedriver!(No symbol) [0xd2a3a9]
	undetected_chromedriver!(No symbol) [0xd0d606]
	undetected_chromedriver!(No symbol) [0xce0039]
	undetected_chromedriver!(No symbol) [0xce0df4]
	undetected_chromedriver!GetHandleVerifier [0x111ddb4+292f94]
	undetected_chromedriver!GetHandleVerifier [0x111937d+28e55d]
	undetected_chromedriver!GetHandleVerifier [0x1138215+2ad3f5]
	undetected_chromedriver!GetHandleVerifier [0xeb4c18+29df8]
	undetected_chromedriver!GetHandleVerifier [0xebc6fd+318dd]
	undetected_chromedriver!GetHandleVerifier [0xea3c78+18e58]
	undetected_chromedriver!GetHandleVerifier [0xea3e42+19022]
	undetected_chromedriver!GetHandleVerifier [0xe8d45f+263f]
	KERNEL32!BaseThreadInitThunk [0x7697fcc9+19]
	ntdll!RtlGetAppContainerNamedObjectPath [0x775f82ae+11e]
	ntdll!RtlGetAppContainerNamedObjectPath [0x775f827e+ee]

2026-05-19 09:26:29,774 - INFO - patching driver executable C:\Users\dberrospi\appdata\roaming\undetected_chromedriver\undetected_chromedriver.exe
2026-05-19 09:26:31,678 - INFO - Iniciando navegación...
2026-05-19 09:26:34,583 - INFO - Login clickeado.
2026-05-19 09:26:34,839 - INFO - Navegado hasta el formulario de reporte.
2026-05-19 09:26:56,356 - ERROR - Error detectado: Message: stale element reference: stale element not found
  (Session info: chrome=148.0.7778.168); For documentation on this error, please visit: https://www.selenium.dev/documentation/webdriver/troubleshooting/errors#staleelementreferenceexception
Stacktrace:
	undetected_chromedriver!GetHandleVerifier [0x51b373+10553]
	undetected_chromedriver!GetHandleVerifier [0x51b4a4+10684]
	undetected_chromedriver!(No symbol) [0x321e10]
	undetected_chromedriver!(No symbol) [0x333d82]
	undetected_chromedriver!(No symbol) [0x332e4c]
	undetected_chromedriver!(No symbol) [0x3293a9]
	undetected_chromedriver!(No symbol) [0x32948d]
	undetected_chromedriver!(No symbol) [0x3277c2]
	undetected_chromedriver!(No symbol) [0x32afad]
	undetected_chromedriver!(No symbol) [0x3ab7a1]
	undetected_chromedriver!(No symbol) [0x38d86c]
	undetected_chromedriver!(No symbol) [0x3aaa36]
	undetected_chromedriver!(No symbol) [0x38d606]
	undetected_chromedriver!(No symbol) [0x360039]
	undetected_chromedriver!(No symbol) [0x360df4]
	undetected_chromedriver!GetHandleVerifier [0x79ddb4+292f94]
	undetected_chromedriver!GetHandleVerifier [0x79937d+28e55d]
	undetected_chromedriver!GetHandleVerifier [0x7b8215+2ad3f5]
	undetected_chromedriver!GetHandleVerifier [0x534c18+29df8]
	undetected_chromedriver!GetHandleVerifier [0x53c6fd+318dd]
	undetected_chromedriver!GetHandleVerifier [0x523c78+18e58]
	undetected_chromedriver!GetHandleVerifier [0x523e42+19022]
	undetected_chromedriver!GetHandleVerifier [0x50d45f+263f]
	KERNEL32!BaseThreadInitThunk [0x7697fcc9+19]
	ntdll!RtlGetAppContainerNamedObjectPath [0x775f82ae+11e]
	ntdll!RtlGetAppContainerNamedObjectPath [0x775f827e+ee]

